###############################################################################
#
# IAR ELF Linker V3.10.1.201 for STM8                     26/Jun/2019  15:46:04
# Copyright 2010-2017 IAR Systems AB.
#
#    Output file  =  
#        D:\project\Stm8l\Bai_03_Define_2\Debug\Exe\Bai_03_2.dep.out
#    Map file     =  
#        D:\project\Stm8l\Bai_03_Define_2\Debug\List\Bai_03_2.dep.map
#    Command line =  
#        -f C:\Users\TRANTH~1\AppData\Local\Temp\EWE695.tmp
#        (D:\project\Stm8l\Bai_03_Define_2\Debug\Obj\main_2.o --redirect
#        _Printf=_PrintfSmall --redirect _Scanf=_ScanfSmall -o
#        D:\project\Stm8l\Bai_03_Define_2\Debug\Exe\Bai_03_2.dep.out --map
#        D:\project\Stm8l\Bai_03_Define_2\Debug\List\Bai_03_2.dep.map --config
#        "C:\Program Files (x86)\IAR Systems\Embedded Workbench
#        8.0\stm8\config\lnkstm8l152c6.icf" --config_def _CSTACK_SIZE=0x100
#        --config_def _HEAP_SIZE=0x100 --entry __iar_program_start --debug_lib)
#
###############################################################################

*******************************************************************************
*** RUNTIME MODEL ATTRIBUTES
***

__SystemLibrary            = DLib
__code_model               = small
__core                     = stm8
__data_model               = medium
__dlib_file_descriptor     = 0
__dlib_full_locale_support = 0
__rt_version               = 4


*******************************************************************************
*** PLACEMENT SUMMARY
***

"A0":  place at start of [0x000000-0x0000ff] { rw section .vregs };
"A1":  place at end of [0x000000-0x0007ff] { block CSTACK };
"A2":  place at start of [0x008000-0x00ffff] { block INTVEC };
"P3":  place in [from 0x008000 to 0x00ffff] {
          ro section __DLIB_PERTHREAD_init, ro section .far.data_init,
          ro section .far_func.textrw_init, ro section .huge.data_init,
          ro section .huge_func.textrw_init, ro section .iar.init_table,
          ro section .init_array, ro section .near.data_init,
          ro section .near.rodata, ro section .near_func.text,
          ro section .near_func.textrw_init, ro section .tiny.data_init,
          ro section .tiny.rodata_init };
"P4":  place in [from 0x008000 to 0x00ffff] {
          ro section .far.rodata, ro section .far_func.text };
"P5":  place in [from 0x008000 to 0x00ffff] {
          ro section .huge.rodata, ro section .huge_func.text };
do not initialize {
   rw section .eeprom.noinit, rw section .far.noinit, rw section .huge.noinit,
   rw section .near.noinit, rw section .tiny.noinit, rw section .vregs };

  Section          Kind      Address   Size  Object
  -------          ----      -------   ----  ------
"A0":                                   0xc
  .vregs           uninit   0x000000    0xc  vregs.o [4]
                          - 0x00000c    0xc

"A1":                                 0x100
  CSTACK                    0x000700  0x100  <Block>
    CSTACK         uninit   0x000700  0x100  <Block tail>
                          - 0x000800  0x100

"A2":                                  0x80
  INTVEC                    0x008000   0x80  <Block>
    .intvec        const    0x008000   0x80  interrupt.o [4]
                          - 0x008080   0x80

"P3-P5":                               0xcd
  .near_func.text  ro code  0x008080   0x25  main_2.o [1]
  .near_func.text  ro code  0x0080a5   0x19  long.o [4]
  .near_func.text  ro code  0x0080be   0x18  vreg_util.o [4]
  .near_func.text  ro code  0x0080d6   0x14  main_2.o [1]
  .near_func.text  ro code  0x0080ea   0x14  init.o [4]
  .near_func.text  ro code  0x0080fe   0x14  __dbg_xxexit.o [3]
  .near_func.text  ro code  0x008112   0x13  cstartup.o [4]
  .near_func.text  ro code  0x008125   0x11  main_2.o [1]
  .near_func.text  ro code  0x008136    0x5  main_2.o [1]
  .near_func.text  ro code  0x00813b    0x5  cexit.o [4]
  .near_func.text  ro code  0x008140    0x3  interrupt.o [4]
  .near_func.text  ro code  0x008143    0x3  low_level_init.o [4]
  .near_func.text  ro code  0x008146    0x3  exit.o [4]
  .near_func.text  ro code  0x008149    0x3  unhandled_exception.o [4]
  .near_func.text  ro code  0x00814c    0x1  __dbg_break.o [3]
                          - 0x00814d   0xcd



*******************************************************************************
*** MODULE SUMMARY
***

    Module                 ro code  ro data  rw data
    ------                 -------  -------  -------
D:\project\Stm8l\Bai_03_Define_2\Debug\Obj: [1]
    main_2.o                    79
    ------------------------------------------------
    Total:                      79

command line: [2]
    ------------------------------------------------
    Total:

dbgstm8smd.a: [3]
    __dbg_break.o                1
    __dbg_xxexit.o              20
    ------------------------------------------------
    Total:                      21

dlstm8smn.a: [4]
    cexit.o                      5
    cstartup.o                  19
    exit.o                       3
    init.o                      20
    interrupt.o                  3      128
    long.o                      25
    low_level_init.o             3
    unhandled_exception.o        3
    vreg_util.o                 24
    vregs.o                                       12
    ------------------------------------------------
    Total:                     105      128       12

    Linker created                               256
----------------------------------------------------
    Grand Total:               205      128      268


*******************************************************************************
*** ENTRY LIST
***

Entry                    Address  Size  Type      Object
-----                    -------  ----  ----      ------
?b0                     0x000000        Data  Gb  vregs.o [4]
?b1                     0x000001        Data  Gb  vregs.o [4]
?b10                    0x00000a        Data  Gb  vregs.o [4]
?b11                    0x00000b        Data  Gb  vregs.o [4]
?b2                     0x000002        Data  Gb  vregs.o [4]
?b3                     0x000003        Data  Gb  vregs.o [4]
?b4                     0x000004        Data  Gb  vregs.o [4]
?b5                     0x000005        Data  Gb  vregs.o [4]
?b6                     0x000006        Data  Gb  vregs.o [4]
?b7                     0x000007        Data  Gb  vregs.o [4]
?b8                     0x000008        Data  Gb  vregs.o [4]
?b9                     0x000009        Data  Gb  vregs.o [4]
?dec32_0x_0x            0x0080aa        Code  Gb  long.o [4]
?dec32_l0_l0            0x0080a5        Code  Gb  long.o [4]
?e0                     0x000001        Data  Gb  vregs.o [4]
?e1                     0x000005        Data  Gb  vregs.o [4]
?e2                     0x000009        Data  Gb  vregs.o [4]
?l0                     0x000000        Data  Gb  vregs.o [4]
?l1                     0x000004        Data  Gb  vregs.o [4]
?l2                     0x000008        Data  Gb  vregs.o [4]
?push_w4                0x0080be        Code  Gb  vreg_util.o [4]
?w0                     0x000000        Data  Gb  vregs.o [4]
?w1                     0x000002        Data  Gb  vregs.o [4]
?w2                     0x000004        Data  Gb  vregs.o [4]
?w3                     0x000006        Data  Gb  vregs.o [4]
?w4                     0x000008        Data  Gb  vregs.o [4]
?w5                     0x00000a        Data  Gb  vregs.o [4]
CSTACK$$Base            0x000700         --   Gb  - Linker created -
CSTACK$$Limit           0x000800         --   Gb  - Linker created -
INTVEC$$Base            0x008000         --   Gb  - Linker created -
INTVEC$$Limit           0x008080         --   Gb  - Linker created -
Region$$Table$$Base   0x00000000         --   Gb  - Linker created -
Region$$Table$$Limit  0x00000000         --   Gb  - Linker created -
__DebugBreak            0x00814c   0x1  Code  Gb  __dbg_break.o [3]
__exit                  0x0080fe  0x14  Code  Gb  __dbg_xxexit.o [3]
__iar_data_init2        0x0080ea  0x14  Code  Gb  init.o [4]
__iar_program_start     0x008112        Code  Gb  cstartup.o [4]
__iar_unhandled_exception
                        0x008149        Code  Gb  unhandled_exception.o [4]
__intvec                0x008000        Data  Gb  interrupt.o [4]
__low_level_init        0x008143   0x3  Code  Gb  low_level_init.o [4]
_exit                   0x00813b        Code  Gb  cexit.o [4]
configLedGreen          0x008125  0x11  Code  Gb  main_2.o [1]
configUserButton        0x008136   0x5  Code  Gb  main_2.o [1]
delay                   0x0080d6  0x14  Code  Gb  main_2.o [1]
exit                    0x008146   0x3  Code  Gb  exit.o [4]
main                    0x008080  0x25  Code  Gb  main_2.o [1]


[1] = D:\project\Stm8l\Bai_03_Define_2\Debug\Obj
[2] = command line
[3] = dbgstm8smd.a
[4] = dlstm8smn.a

  205 bytes of readonly  code memory
  128 bytes of readonly  data memory
  268 bytes of readwrite data memory

Errors: none
Warnings: none
