###############################################################################
#
# IAR ELF Linker V3.10.1.201 for STM8                     12/Jul/2019  10:21:44
# Copyright 2010-2017 IAR Systems AB.
#
#    Output file  =  
#        D:\16520213\smt8l_project\SPI\Slave_SPI\Debug\Exe\SPI_Slave.out
#    Map file     =  
#        D:\16520213\smt8l_project\SPI\Slave_SPI\Debug\List\SPI_Slave.map
#    Command line =  
#        -f C:\Users\HERA~1.FGA\AppData\Local\Temp\EW97FB.tmp
#        (D:\16520213\smt8l_project\SPI\Slave_SPI\Debug\Obj\main.o
#        D:\16520213\smt8l_project\SPI\Slave_SPI\Debug\Obj\SPI.o --redirect
#        _Printf=_PrintfFullNoMb --redirect _Scanf=_ScanfFullNoMb -o
#        D:\16520213\smt8l_project\SPI\Slave_SPI\Debug\Exe\SPI_Slave.out --map
#        D:\16520213\smt8l_project\SPI\Slave_SPI\Debug\List\SPI_Slave.map
#        --config "C:\Program Files (x86)\IAR Systems\Embedded Workbench
#        8.0\stm8\config\lnkstm8l152c6.icf" --config_def _CSTACK_SIZE=0x100
#        --config_def _HEAP_SIZE=0x100 --entry __iar_program_start --debug_lib)
#
###############################################################################

*******************************************************************************
*** RUNTIME MODEL ATTRIBUTES
***

__SystemLibrary            = DLib
__code_model               = small
__core                     = stm8
__data_model               = medium
__dlib_file_descriptor     = 0
__dlib_full_locale_support = 0
__rt_version               = 4


*******************************************************************************
*** PLACEMENT SUMMARY
***

"A0":  place at start of [0x000000-0x0000ff] { rw section .vregs };
"A1":  place at end of [0x000000-0x0007ff] { block CSTACK };
"P2":  place in [from 0x000000 to 0x0007ff] {
          block HEAP, rw section __DLIB_PERTHREAD, rw section .far.bss,
          rw section .far.data, rw section .far.noinit,
          rw section .far_func.textrw, rw section .huge.bss,
          rw section .huge.data, rw section .huge.noinit,
          rw section .huge_func.textrw, rw section .iar.dynexit,
          rw section .near.bss, rw section .near.data, rw section .near.noinit,
          rw section .near_func.textrw };
"A2":  place at start of [0x008000-0x00ffff] { block INTVEC };
"P3":  place in [from 0x008000 to 0x00ffff] {
          ro section __DLIB_PERTHREAD_init, ro section .far.data_init,
          ro section .far_func.textrw_init, ro section .huge.data_init,
          ro section .huge_func.textrw_init, ro section .iar.init_table,
          ro section .init_array, ro section .near.data_init,
          ro section .near.rodata, ro section .near_func.text,
          ro section .near_func.textrw_init, ro section .tiny.data_init,
          ro section .tiny.rodata_init };
"P4":  place in [from 0x008000 to 0x00ffff] {
          ro section .far.rodata, ro section .far_func.text };
"P5":  place in [from 0x008000 to 0x00ffff] {
          ro section .huge.rodata, ro section .huge_func.text };
do not initialize {
   rw section .eeprom.noinit, rw section .far.noinit, rw section .huge.noinit,
   rw section .near.noinit, rw section .tiny.noinit, rw section .vregs };

  Section          Kind      Address   Size  Object
  -------          ----      -------   ----  ------
"A0":                                   0xc
  .vregs           uninit   0x000000    0xc  vregs.o [4]
                          - 0x00000c    0xc

"P2":                                   0x1
  .near.bss        zero     0x00000c    0x1  main.o [1]
                          - 0x00000d    0x1

"A1":                                 0x100
  CSTACK                    0x000700  0x100  <Block>
    CSTACK         uninit   0x000700  0x100  <Block tail>
                          - 0x000800  0x100

"A2":                                  0x80
  INTVEC                    0x008000   0x80  <Block>
    .intvec        const    0x008000   0x80  interrupt.o [4]
                          - 0x008080   0x80

"P3-P5":                              0x12a
  .near_func.text  ro code  0x008080   0x3d  SPI.o [1]
  .iar.init_table  const    0x0080bd    0x8  - Linker created -
  .near_func.text  ro code  0x0080c5   0x1e  init_small.o [4]
  .near_func.text  ro code  0x0080e3   0x1d  main.o [1]
  .near_func.text  ro code  0x008100   0x18  main.o [1]
  .near_func.text  ro code  0x008118   0x18  vreg_util.o [4]
  .near_func.text  ro code  0x008130   0x14  init.o [4]
  .near_func.text  ro code  0x008144   0x14  __dbg_xxexit.o [3]
  .near_func.text  ro code  0x008158   0x13  cstartup.o [4]
  .near_func.text  ro code  0x00816b   0x11  main.o [1]
  .near_func.text  ro code  0x00817c    0xa  main.o [1]
  .near_func.text  ro code  0x008186    0x9  main.o [1]
  .near_func.text  ro code  0x00818f    0x9  SPI.o [1]
  .near_func.text  ro code  0x008198    0x5  cexit.o [4]
  .near_func.text  ro code  0x00819d    0x3  interrupt.o [4]
  .near_func.text  ro code  0x0081a0    0x3  low_level_init.o [4]
  .near_func.text  ro code  0x0081a3    0x3  exit.o [4]
  .near_func.text  ro code  0x0081a6    0x3  unhandled_exception.o [4]
  .near_func.text  ro code  0x0081a9    0x1  __dbg_break.o [3]
                          - 0x0081aa  0x12a


*******************************************************************************
*** INIT TABLE
***

          Address   Size
          -------   ----
Zero (__iar_zero_init2)
    1 destination range, total size 0x1:
          0x00000c   0x1



*******************************************************************************
*** MODULE SUMMARY
***

    Module                 ro code  ro data  rw data
    ------                 -------  -------  -------
D:\16520213\smt8l_project\SPI\Slave_SPI\Debug\Obj: [1]
    SPI.o                       70
    main.o                      89                 1
    ------------------------------------------------
    Total:                     159                 1

command line: [2]
    ------------------------------------------------
    Total:

dbgstm8smd.a: [3]
    __dbg_break.o                1
    __dbg_xxexit.o              20
    ------------------------------------------------
    Total:                      21

dlstm8smn.a: [4]
    cexit.o                      5
    cstartup.o                  19
    exit.o                       3
    init.o                      20
    init_small.o                30
    interrupt.o                  3      128
    low_level_init.o             3
    unhandled_exception.o        3
    vreg_util.o                 24
    vregs.o                                       12
    ------------------------------------------------
    Total:                     110      128       12

    Linker created                        8      256
----------------------------------------------------
    Grand Total:               290      136      269


*******************************************************************************
*** ENTRY LIST
***

Entry                    Address  Size  Type      Object
-----                    -------  ----  ----      ------
.iar.init_table$$Base   0x0080bd         --   Gb  - Linker created -
.iar.init_table$$Limit  0x0080c5         --   Gb  - Linker created -
?b0                     0x000000        Data  Gb  vregs.o [4]
?b1                     0x000001        Data  Gb  vregs.o [4]
?b10                    0x00000a        Data  Gb  vregs.o [4]
?b11                    0x00000b        Data  Gb  vregs.o [4]
?b2                     0x000002        Data  Gb  vregs.o [4]
?b3                     0x000003        Data  Gb  vregs.o [4]
?b4                     0x000004        Data  Gb  vregs.o [4]
?b5                     0x000005        Data  Gb  vregs.o [4]
?b6                     0x000006        Data  Gb  vregs.o [4]
?b7                     0x000007        Data  Gb  vregs.o [4]
?b8                     0x000008        Data  Gb  vregs.o [4]
?b9                     0x000009        Data  Gb  vregs.o [4]
?e0                     0x000001        Data  Gb  vregs.o [4]
?e1                     0x000005        Data  Gb  vregs.o [4]
?e2                     0x000009        Data  Gb  vregs.o [4]
?l0                     0x000000        Data  Gb  vregs.o [4]
?l1                     0x000004        Data  Gb  vregs.o [4]
?l2                     0x000008        Data  Gb  vregs.o [4]
?push_w4                0x008118        Code  Gb  vreg_util.o [4]
?w0                     0x000000        Data  Gb  vregs.o [4]
?w1                     0x000002        Data  Gb  vregs.o [4]
?w2                     0x000004        Data  Gb  vregs.o [4]
?w3                     0x000006        Data  Gb  vregs.o [4]
?w4                     0x000008        Data  Gb  vregs.o [4]
?w5                     0x00000a        Data  Gb  vregs.o [4]
CSTACK$$Base            0x000700         --   Gb  - Linker created -
CSTACK$$Limit           0x000800         --   Gb  - Linker created -
Clock_Init              0x008100  0x18  Code  Gb  main.o [1]
GPIO_Init               0x00816b  0x11  Code  Gb  main.o [1]
INTVEC$$Base            0x008000         --   Gb  - Linker created -
INTVEC$$Limit           0x008080         --   Gb  - Linker created -
Region$$Table$$Base     0x0080bd         --   Gb  - Linker created -
Region$$Table$$Limit    0x0080c5         --   Gb  - Linker created -
SPI_Interrupt           0x00817c   0xa  Code  Gb  main.o [1]
SPI_Receive             0x00818f   0x9  Code  Gb  SPI.o [1]
SPI_SlaveInit           0x008080  0x3d  Code  Gb  SPI.o [1]
__DebugBreak            0x0081a9   0x1  Code  Gb  __dbg_break.o [3]
__exit                  0x008144  0x14  Code  Gb  __dbg_xxexit.o [3]
__iar_data_init2        0x008130  0x14  Code  Gb  init.o [4]
__iar_program_start     0x008158        Code  Gb  cstartup.o [4]
__iar_unhandled_exception
                        0x0081a6        Code  Gb  unhandled_exception.o [4]
__iar_zero_init2        0x0080c5        Code  Gb  init_small.o [4]
__intvec                0x008000        Data  Gb  interrupt.o [4]
__low_level_init        0x0081a0   0x3  Code  Gb  low_level_init.o [4]
_exit                   0x008198        Code  Gb  cexit.o [4]
_interrupt_28           0x00817c        Code  Gb  main.o [1]
delay                   0x008186   0x9  Code  Gb  main.o [1]
exit                    0x0081a3   0x3  Code  Gb  exit.o [4]
main                    0x0080e3  0x1d  Code  Gb  main.o [1]
recvData                0x00000c   0x1  Data  Gb  main.o [1]


[1] = D:\16520213\smt8l_project\SPI\Slave_SPI\Debug\Obj
[2] = command line
[3] = dbgstm8smd.a
[4] = dlstm8smn.a

  290 bytes of readonly  code memory
  136 bytes of readonly  data memory
  269 bytes of readwrite data memory

Errors: none
Warnings: none
