###############################################################################
#
# IAR ELF Linker V3.10.1.201 for STM8                     16/Jul/2019  16:30:53
# Copyright 2010-2017 IAR Systems AB.
#
#    Output file  =  D:\project\Stm8l\Bai_11_UART\Bai_01\Debug\Exe\Bai_01.out
#    Map file     =  D:\project\Stm8l\Bai_11_UART\Bai_01\Debug\List\Bai_01.map
#    Command line =  
#        -f C:\Users\TRANTH~1\AppData\Local\Temp\EWEE46.tmp
#        (D:\project\Stm8l\Bai_11_UART\Bai_01\Debug\Obj\main.o
#        D:\project\Stm8l\Bai_11_UART\Bai_01\Debug\Obj\spi.o --redirect
#        _Printf=_PrintfSmall --redirect _Scanf=_ScanfSmall -o
#        D:\project\Stm8l\Bai_11_UART\Bai_01\Debug\Exe\Bai_01.out --map
#        D:\project\Stm8l\Bai_11_UART\Bai_01\Debug\List\Bai_01.map --config
#        "C:\Program Files (x86)\IAR Systems\Embedded Workbench
#        8.0\stm8\config\lnkstm8l152c6.icf" --config_def _CSTACK_SIZE=0x100
#        --config_def _HEAP_SIZE=0x100 --entry __iar_program_start --debug_lib)
#
###############################################################################

*******************************************************************************
*** RUNTIME MODEL ATTRIBUTES
***

__Heap_Handler             = Basic
__SystemLibrary            = DLib
__code_model               = small
__core                     = stm8
__data_model               = medium
__dlib_file_descriptor     = 0
__dlib_full_locale_support = 0
__rt_version               = 4


*******************************************************************************
*** PLACEMENT SUMMARY
***

"A0":  place at start of [0x000000-0x0000ff] { rw section .vregs };
"A1":  place at end of [0x000000-0x0007ff] { block CSTACK };
"P2":  place in [from 0x000000 to 0x0007ff] {
          block HEAP, rw section __DLIB_PERTHREAD, rw section .far.bss,
          rw section .far.data, rw section .far.noinit,
          rw section .far_func.textrw, rw section .huge.bss,
          rw section .huge.data, rw section .huge.noinit,
          rw section .huge_func.textrw, rw section .iar.dynexit,
          rw section .near.bss, rw section .near.data, rw section .near.noinit,
          rw section .near_func.textrw };
"A2":  place at start of [0x008000-0x00ffff] { block INTVEC };
"P3":  place in [from 0x008000 to 0x00ffff] {
          ro section __DLIB_PERTHREAD_init, ro section .far.data_init,
          ro section .far_func.textrw_init, ro section .huge.data_init,
          ro section .huge_func.textrw_init, ro section .iar.init_table,
          ro section .init_array, ro section .near.data_init,
          ro section .near.rodata, ro section .near_func.text,
          ro section .near_func.textrw_init, ro section .tiny.data_init,
          ro section .tiny.rodata_init };
"P4":  place in [from 0x008000 to 0x00ffff] {
          ro section .far.rodata, ro section .far_func.text };
"P5":  place in [from 0x008000 to 0x00ffff] {
          ro section .huge.rodata, ro section .huge_func.text };
do not initialize {
   rw section .eeprom.noinit, rw section .far.noinit, rw section .huge.noinit,
   rw section .near.noinit, rw section .tiny.noinit, rw section .vregs };

  Section          Kind      Address   Size  Object
  -------          ----      -------   ----  ------
"A0":                                   0xc
  .vregs           uninit   0x000000    0xc  vregs.o [4]
                          - 0x00000c    0xc

"P2", part 1 of 2:                      0xc
  .near.bss        zero     0x00000c    0x4  xxmemxmalloc.o [4]
  .near.bss        zero     0x000010    0x2  main.o [1]
  .near.bss        zero     0x000012    0x2  xgetmemchunk.o [4]
  .near.bss        zero     0x000014    0x1  main.o [1]
  .near.bss        zero     0x000015    0x1  main.o [1]
  .near.bss        zero     0x000016    0x1  main.o [1]
  .near.bss        zero     0x000017    0x1  main.o [1]
                          - 0x000018    0xc

"P2", part 2 of 2:                    0x100
  HEAP                      0x000018  0x100  <Block>
    HEAP           uninit   0x000018  0x100  <Block tail>
                          - 0x000118  0x100

"A1":                                 0x100
  CSTACK                    0x000700  0x100  <Block>
    CSTACK         uninit   0x000700  0x100  <Block tail>
                          - 0x000800  0x100

"A2":                                  0x80
  INTVEC                    0x008000   0x80  <Block>
    .intvec        const    0x008000   0x80  interrupt.o [4]
                          - 0x008080   0x80

"P3-P5":                              0xd9f
  .near_func.text  ro code  0x008080  0x3a5  xprintfsmall.o [4]
  .near_func.text  ro code  0x008425  0x176  xprintfsmall.o [4]
  .near_func.text  ro code  0x00859b   0xf3  vreg_util.o [4]
  .near_func.text  ro code  0x00868e   0xd3  xxmemxfree.o [4]
  .near_func.text  ro code  0x008761   0xc9  long.o [4]
  .near_func.text  ro code  0x00882a   0xb5  main.o [1]
  .near_func.text  ro code  0x0088df   0x92  xxmemxmalloc.o [4]
  .near_func.text  ro code  0x008971   0x75  main.o [1]
  .near_func.text  ro code  0x0089e6   0x63  xxmemxmalloc.o [4]
  .near_func.text  ro code  0x008a49   0x3d  xprintfsmall.o [4]
  .near_func.text  ro code  0x008a86   0x3b  long_util.o [4]
  .near_func.text  ro code  0x008ac1   0x37  xprintfsmall.o [4]
  .near_func.text  ro code  0x008af8   0x35  xprintfsmall.o [4]
  .near_func.text  ro code  0x008b2d   0x2f  xprintfsmall.o [4]
  .near_func.text  ro code  0x008b5c   0x29  main.o [1]
  .near_func.text  ro code  0x008b85   0x27  putchar.o [4]
  .near_func.text  ro code  0x008bac   0x23  main.o [1]
  .near_func.text  ro code  0x008bcf   0x21  memchr.o [4]
  .iar.init_table  const    0x008bf0    0x8  - Linker created -
  .near_func.text  ro code  0x008bf8   0x20  main.o [1]
  .near_func.text  ro code  0x008c18   0x1e  short.o [4]
  .near_func.text  ro code  0x008c36   0x1e  init_small.o [4]
  .near_func.text  ro code  0x008c54   0x1d  printf.o [4]
  .near_func.text  ro code  0x008c71   0x1b  xprout.o [4]
  .near_func.text  ro code  0x008c8c   0x1a  main.o [1]
  .near_func.text  ro code  0x008ca6   0x19  xgetmemchunk.o [4]
  .near_func.text  ro code  0x008cbf   0x16  main.o [1]
  .near_func.text  ro code  0x008cd5   0x16  __dbg_xxdwrite.o [3]
  .near_func.text  ro code  0x008ceb   0x15  strchr.o [4]
  .near_func.text  ro code  0x008d00   0x14  init.o [4]
  .near_func.text  ro code  0x008d14   0x14  xprintfsmall.o [4]
  .near_func.text  ro code  0x008d28   0x14  __dbg_xxexit.o [3]
  .near.rodata     const    0x008d3c   0x13  main.o [1]
  .near_func.text  ro code  0x008d4f   0x13  cstartup.o [4]
  .near.rodata     const    0x008d62   0x12  main.o [1]
  .near_func.text  ro code  0x008d74   0x12  main.o [1]
  .near.rodata     const    0x008d86   0x11  main.o [1]
  .near.rodata     const    0x008d97    0xe  main.o [1]
  .near_func.text  ro code  0x008da5    0xd  strlen.o [4]
  .near_func.text  ro code  0x008db2    0xb  xprintfsmall.o [4]
  .near_func.text  ro code  0x008dbd    0xa  xprintfsmall.o [4]
  .near_func.text  ro code  0x008dc7    0x9  main.o [1]
  .near_func.text  ro code  0x008dd0    0x9  xprintfsmall.o [4]
  .near_func.text  ro code  0x008dd9    0x9  __dbg_xxwrite.o [3]
  .near_func.text  ro code  0x008de2    0x8  xprintfsmall.o [4]
  .near.rodata     const    0x008dea    0x7  xprintfsmall.o [4]
  .near_func.text  ro code  0x008df1    0x7  xxmemxmalloc.o [4]
  .near_func.text  ro code  0x008df8    0x6  xprintfsmall.o [4]
  .near_func.text  ro code  0x008dfe    0x6  xprintfsmall.o [4]
  .near_func.text  ro code  0x008e04    0x5  char.o [4]
  .near_func.text  ro code  0x008e09    0x5  cexit.o [4]
  .near.rodata     const    0x008e0e    0x4  main.o [1]
  .near_func.text  ro code  0x008e12    0x3  interrupt.o [4]
  .near_func.text  ro code  0x008e15    0x3  low_level_init.o [4]
  .near_func.text  ro code  0x008e18    0x3  exit.o [4]
  .near_func.text  ro code  0x008e1b    0x3  unhandled_exception.o [4]
  .near_func.text  ro code  0x008e1e    0x1  __dbg_break.o [3]
                          - 0x008e1f  0xd9f


*******************************************************************************
*** INIT TABLE
***

          Address   Size
          -------   ----
Zero (__iar_zero_init2)
    1 destination range, total size 0xc:
          0x00000c   0xc



*******************************************************************************
*** MODULE SUMMARY
***

    Module                 ro code  ro data  rw data
    ------                 -------  -------  -------
D:\project\Stm8l\Bai_11_UART\Bai_01\Debug\Obj: [1]
    main.o                     481       72        6
    ------------------------------------------------
    Total:                     481       72        6

command line: [2]
    ------------------------------------------------
    Total:

dbgstm8smd.a: [3]
    __dbg_break.o                1
    __dbg_xxdwrite.o            22
    __dbg_xxexit.o              20
    __dbg_xxwrite.o              9
    ------------------------------------------------
    Total:                      52

dlstm8smn.a: [4]
    cexit.o                      5
    char.o                       5
    cstartup.o                  19
    exit.o                       3
    init.o                      20
    init_small.o                30
    interrupt.o                  3      128
    long.o                     201
    long_util.o                 59
    low_level_init.o             3
    memchr.o                    33
    printf.o                    29
    putchar.o                   39
    short.o                     30
    strchr.o                    21
    strlen.o                    13
    unhandled_exception.o        3
    vreg_util.o                243
    vregs.o                                       12
    xgetmemchunk.o              25                 2
    xprintfsmall.o           1 593        7
    xprout.o                    27
    xxmemxfree.o               211
    xxmemxmalloc.o             252                 4
    ------------------------------------------------
    Total:                   2 867      135       18

    Linker created                        8      512
----------------------------------------------------
    Grand Total:             3 400      215      536


*******************************************************************************
*** ENTRY LIST
***

Entry                    Address   Size  Type      Object
-----                    -------   ----  ----      ------
.iar.init_table$$Base   0x008bf0          --   Gb  - Linker created -
.iar.init_table$$Limit  0x008bf8          --   Gb  - Linker created -
?and32_l0_l0_0x         0x0087fa         Code  Gb  long.o [4]
?and32_l0_l0_l1         0x0087f7         Code  Gb  long.o [4]
?b0                     0x000000         Data  Gb  vregs.o [4]
?b1                     0x000001         Data  Gb  vregs.o [4]
?b10                    0x00000a         Data  Gb  vregs.o [4]
?b11                    0x00000b         Data  Gb  vregs.o [4]
?b2                     0x000002         Data  Gb  vregs.o [4]
?b3                     0x000003         Data  Gb  vregs.o [4]
?b4                     0x000004         Data  Gb  vregs.o [4]
?b5                     0x000005         Data  Gb  vregs.o [4]
?b6                     0x000006         Data  Gb  vregs.o [4]
?b7                     0x000007         Data  Gb  vregs.o [4]
?b8                     0x000008         Data  Gb  vregs.o [4]
?b9                     0x000009         Data  Gb  vregs.o [4]
?dec32_0x_0x            0x008776         Code  Gb  long.o [4]
?dec32_l0_l0            0x008771         Code  Gb  long.o [4]
?e0                     0x000001         Data  Gb  vregs.o [4]
?e1                     0x000005         Data  Gb  vregs.o [4]
?e2                     0x000009         Data  Gb  vregs.o [4]
?epilogue_l2            0x008628         Code  Gb  vreg_util.o [4]
?epilogue_w4            0x00862c         Code  Gb  vreg_util.o [4]
?l0                     0x000000         Data  Gb  vregs.o [4]
?l1                     0x000004         Data  Gb  vregs.o [4]
?l2                     0x000008         Data  Gb  vregs.o [4]
?load32_0x_l0           0x008ab3         Code  Gb  long_util.o [4]
?load32_asp_l0          0x008aa7         Code  Gb  long_util.o [4]
?load32_dbsp_l0         0x008aa2         Code  Gb  long_util.o [4]
?load32_l0_0x           0x008a96         Code  Gb  long_util.o [4]
?load32_l0_asp          0x008a8b         Code  Gb  long_util.o [4]
?load32_l0_dbsp         0x008a86         Code  Gb  long_util.o [4]
?load32_l0_xsp          0x008a8d         Code  Gb  long_util.o [4]
?load32_xsp_l0          0x008aa9         Code  Gb  long_util.o [4]
?mov_e0_e1              0x00865d         Code  Gb  vreg_util.o [4]
?mov_e0_e2              0x00866a         Code  Gb  vreg_util.o [4]
?mov_e1_e0              0x008677         Code  Gb  vreg_util.o [4]
?mov_e2_e0              0x008684         Code  Gb  vreg_util.o [4]
?mov_l0_l1              0x00865a         Code  Gb  vreg_util.o [4]
?mov_l0_l2              0x008667         Code  Gb  vreg_util.o [4]
?mov_l1_l0              0x008674         Code  Gb  vreg_util.o [4]
?mov_l2_l0              0x008681         Code  Gb  vreg_util.o [4]
?mov_w0_w3              0x008630         Code  Gb  vreg_util.o [4]
?mov_w0_w5              0x008637         Code  Gb  vreg_util.o [4]
?mov_w1_w3              0x008660         Code  Gb  vreg_util.o [4]
?mov_w1_w5              0x00866d         Code  Gb  vreg_util.o [4]
?mov_w2_w1              0x00863e         Code  Gb  vreg_util.o [4]
?mov_w3_w1              0x00867a         Code  Gb  vreg_util.o [4]
?mov_w4_w0              0x008645         Code  Gb  vreg_util.o [4]
?mov_w4_w1              0x00864c         Code  Gb  vreg_util.o [4]
?mov_w5_w0              0x008653         Code  Gb  vreg_util.o [4]
?mov_w5_w1              0x008687         Code  Gb  vreg_util.o [4]
?mul16_x_x_w0           0x008c18         Code  Gb  short.o [4]
?neg32_l0_l0            0x008761         Code  Gb  long.o [4]
?pop_l0                 0x0085ff         Code  Gb  vreg_util.o [4]
?pop_l1                 0x00860a         Code  Gb  vreg_util.o [4]
?pop_l2                 0x008615         Code  Gb  vreg_util.o [4]
?pop_w0                 0x0085bd         Code  Gb  vreg_util.o [4]
?pop_w4                 0x0085c4         Code  Gb  vreg_util.o [4]
?push_l0                0x0085d3         Code  Gb  vreg_util.o [4]
?push_l1                0x0085d8         Code  Gb  vreg_util.o [4]
?push_l2                0x0085dd         Code  Gb  vreg_util.o [4]
?push_w0                0x00859b         Code  Gb  vreg_util.o [4]
?push_w1                0x0085a0         Code  Gb  vreg_util.o [4]
?push_w4                0x0085a5         Code  Gb  vreg_util.o [4]
?sext32_l0_a            0x00881d         Code  Gb  long.o [4]
?sext32_l0_x            0x008812         Code  Gb  long.o [4]
?srl8_a_a_5             0x008e04         Code  Gb  char.o [4]
?udiv32_l0_l0_l1        0x00878a         Code  Gb  long.o [4]
?umod32_l1_l0_l1        0x00878a         Code  Gb  long.o [4]
?w0                     0x000000         Data  Gb  vregs.o [4]
?w1                     0x000002         Data  Gb  vregs.o [4]
?w2                     0x000004         Data  Gb  vregs.o [4]
?w3                     0x000006         Data  Gb  vregs.o [4]
?w4                     0x000008         Data  Gb  vregs.o [4]
?w5                     0x00000a         Data  Gb  vregs.o [4]
CSTACK$$Base            0x000700          --   Gb  - Linker created -
CSTACK$$Limit           0x000800          --   Gb  - Linker created -
HEAP$$Base              0x000018          --   Gb  - Linker created -
HEAP$$Limit             0x000118          --   Gb  - Linker created -
INTVEC$$Base            0x008000          --   Gb  - Linker created -
INTVEC$$Limit           0x008080          --   Gb  - Linker created -
InitClock               0x00882a   0xb5  Code  Gb  main.o [1]
InitUart                0x008bac   0x23  Code  Gb  main.o [1]
LoadInt                 0x008a49   0x3d  Code  Lc  xprintfsmall.o [4]
Pressbutton             0x008b5c   0x29  Code  Gb  main.o [1]
Region$$Table$$Base     0x008bf0          --   Gb  - Linker created -
Region$$Table$$Limit    0x008bf8          --   Gb  - Linker created -
USART_Recived           0x008cbf   0x16  Code  Gb  main.o [1]
USART_SendString        0x008c8c   0x1a  Code  Gb  main.o [1]
USART_Transmit          0x008dc7    0x9  Code  Gb  main.o [1]
_LitobSmall             0x008425  0x176  Code  Lc  xprintfsmall.o [4]
_PrintfSmall            0x008080  0x3a5  Code  Gb  xprintfsmall.o [4]
_Prout                  0x008c71   0x1b  Code  Gb  xprout.o [4]
_PutcharSmall           0x008b2d   0x2f  Code  Lc  xprintfsmall.o [4]
_PutcharsSmall          0x008af8   0x35  Code  Lc  xprintfsmall.o [4]
__DebugBreak            0x008e1e    0x1  Code  Gb  __dbg_break.o [3]
__dwrite                0x008cd5   0x16  Code  Gb  __dbg_xxdwrite.o [3]
__exit                  0x008d28   0x14  Code  Gb  __dbg_xxexit.o [3]
__iar_Memchr            0x008bcf   0x21  Code  Gb  memchr.o [4]
__iar_Strchr            0x008ceb   0x15  Code  Gb  strchr.o [4]
__iar_data_init2        0x008d00   0x14  Code  Gb  init.o [4]
__iar_program_start     0x008d4f         Code  Gb  cstartup.o [4]
__iar_unhandled_exception
                        0x008e1b         Code  Gb  unhandled_exception.o [4]
__iar_zero_init2        0x008c36         Code  Gb  init_small.o [4]
__intvec                0x008000         Data  Gb  interrupt.o [4]
__low_level_init        0x008e15    0x3  Code  Gb  low_level_init.o [4]
__near_Aldata           0x00000c    0x4  Data  Gb  xxmemxmalloc.o [4]
__near_GetMemChunk      0x008ca6   0x19  Code  Gb  xgetmemchunk.o [4]
__near_GetMemChunk::start
                        0x000012    0x2  Data  Lc  xgetmemchunk.o [4]
__near_findmem          0x0089e6   0x63  Code  Lc  xxmemxmalloc.o [4]
__write                 0x008dd9    0x9  Code  Gb  __dbg_xxwrite.o [3]
_exit                   0x008e09         Code  Gb  cexit.o [4]
_interrupt_11           0x008b5c         Code  Gb  main.o [1]
_interrupt_30           0x008cbf         Code  Gb  main.o [1]
dangNhan                0x000017    0x1  Data  Gb  main.o [1]
delay                   0x008bf8   0x20  Code  Gb  main.o [1]
exit                    0x008e18    0x3  Code  Gb  exit.o [4]
free                    0x00868e   0xc9  Code  Gb  xxmemxfree.o [4]
len                     0x000014    0x1  Data  Gb  main.o [1]
main                    0x008d74   0x12  Code  Gb  main.o [1]
malloc                  0x0088df   0x92  Code  Gb  xxmemxmalloc.o [4]
nhanDuLieu              0x008971   0x75  Code  Gb  main.o [1]
pad                     0x008ac1   0x37  Code  Lc  xprintfsmall.o [4]
printf                  0x008c54   0x1d  Code  Gb  printf.o [4]
putchar                 0x008b85   0x27  Code  Gb  putchar.o [4]
rx                      0x000016    0x1  Data  Gb  main.o [1]
str                     0x000010    0x2  Data  Gb  main.o [1]
strlen                  0x008da5    0xd  Code  Gb  strlen.o [4]
x                       0x000015    0x1  Data  Gb  main.o [1]


[1] = D:\project\Stm8l\Bai_11_UART\Bai_01\Debug\Obj
[2] = command line
[3] = dbgstm8smd.a
[4] = dlstm8smn.a

  3 400 bytes of readonly  code memory
    215 bytes of readonly  data memory
    536 bytes of readwrite data memory

Errors: none
Warnings: none
