###############################################################################
#
# IAR ELF Linker V3.10.1.201 for STM8                     15/Jul/2019  16:28:23
# Copyright 2010-2017 IAR Systems AB.
#
#    Output file  =  
#        D:\project\Stm8l\Bai_09_SPI\bai_01 - Copy\Debug\Exe\bai_1.out
#    Map file     =  
#        D:\project\Stm8l\Bai_09_SPI\bai_01 - Copy\Debug\List\bai_1.map
#    Command line =  
#        -f C:\Users\TRANTH~1\AppData\Local\Temp\EW84B1.tmp
#        ("D:\project\Stm8l\Bai_09_SPI\bai_01 - Copy\Debug\Obj\lcd.o"
#        "D:\project\Stm8l\Bai_09_SPI\bai_01 - Copy\Debug\Obj\main.o"
#        "D:\project\Stm8l\Bai_09_SPI\bai_01 - Copy\Debug\Obj\spi.o" --redirect
#        _Printf=_PrintfSmall --redirect _Scanf=_ScanfSmall -o
#        "D:\project\Stm8l\Bai_09_SPI\bai_01 - Copy\Debug\Exe\bai_1.out" --map
#        "D:\project\Stm8l\Bai_09_SPI\bai_01 - Copy\Debug\List\bai_1.map"
#        --config "C:\Program Files (x86)\IAR Systems\Embedded Workbench
#        8.0\stm8\config\lnkstm8l152c6.icf" --config_def _CSTACK_SIZE=0x100
#        --config_def _HEAP_SIZE=0x100 --entry __iar_program_start --debug_lib)
#
###############################################################################

*******************************************************************************
*** RUNTIME MODEL ATTRIBUTES
***

__Heap_Handler             = Basic
__SystemLibrary            = DLib
__code_model               = small
__core                     = stm8
__data_model               = medium
__dlib_file_descriptor     = 0
__dlib_full_locale_support = 0
__rt_version               = 4


*******************************************************************************
*** PLACEMENT SUMMARY
***

"A0":  place at start of [0x000000-0x0000ff] { rw section .vregs };
"A1":  place at end of [0x000000-0x0007ff] { block CSTACK };
"P2":  place in [from 0x000000 to 0x0007ff] {
          block HEAP, rw section __DLIB_PERTHREAD, rw section .far.bss,
          rw section .far.data, rw section .far.noinit,
          rw section .far_func.textrw, rw section .huge.bss,
          rw section .huge.data, rw section .huge.noinit,
          rw section .huge_func.textrw, rw section .iar.dynexit,
          rw section .near.bss, rw section .near.data, rw section .near.noinit,
          rw section .near_func.textrw };
"A2":  place at start of [0x008000-0x00ffff] { block INTVEC };
"P3":  place in [from 0x008000 to 0x00ffff] {
          ro section __DLIB_PERTHREAD_init, ro section .far.data_init,
          ro section .far_func.textrw_init, ro section .huge.data_init,
          ro section .huge_func.textrw_init, ro section .iar.init_table,
          ro section .init_array, ro section .near.data_init,
          ro section .near.rodata, ro section .near_func.text,
          ro section .near_func.textrw_init, ro section .tiny.data_init,
          ro section .tiny.rodata_init };
"P4":  place in [from 0x008000 to 0x00ffff] {
          ro section .far.rodata, ro section .far_func.text };
"P5":  place in [from 0x008000 to 0x00ffff] {
          ro section .huge.rodata, ro section .huge_func.text };
do not initialize {
   rw section .eeprom.noinit, rw section .far.noinit, rw section .huge.noinit,
   rw section .near.noinit, rw section .tiny.noinit, rw section .vregs };

  Section          Kind      Address   Size  Object
  -------          ----      -------   ----  ------
"A0":                                   0xc
  .vregs           uninit   0x000000    0xc  vregs.o [4]
                          - 0x00000c    0xc

"P2", part 1 of 2:                      0xc
  .near.bss        zero     0x00000c    0x4  xxmemxmalloc.o [4]
  .near.bss        zero     0x000010    0x2  main.o [1]
  .near.bss        zero     0x000012    0x2  xgetmemchunk.o [4]
  .near.bss        zero     0x000014    0x1  main.o [1]
  .near.bss        zero     0x000015    0x1  main.o [1]
  .near.bss        zero     0x000016    0x1  main.o [1]
  .near.bss        zero     0x000017    0x1  main.o [1]
                          - 0x000018    0xc

"P2", part 2 of 2:                    0x100
  HEAP                      0x000018  0x100  <Block>
    HEAP           uninit   0x000018  0x100  <Block tail>
                          - 0x000118  0x100

"A1":                                 0x100
  CSTACK                    0x000700  0x100  <Block>
    CSTACK         uninit   0x000700  0x100  <Block tail>
                          - 0x000800  0x100

"A2":                                  0x80
  INTVEC                    0x008000   0x80  <Block>
    .intvec        const    0x008000   0x80  interrupt.o [4]
                          - 0x008080   0x80

"P3-P5":                              0xfbd
  .near_func.text  ro code  0x008080  0x3a5  xprintfsmall.o [4]
  .near_func.text  ro code  0x008425  0x176  xprintfsmall.o [4]
  .near_func.text  ro code  0x00859b  0x171  lcd.o [1]
  .near_func.text  ro code  0x00870c  0x11a  lcd.o [1]
  .near_func.text  ro code  0x008826   0xdf  vreg_util.o [4]
  .near_func.text  ro code  0x008905   0xd3  xxmemxfree.o [4]
  .near_func.text  ro code  0x0089d8   0xbb  lcd.o [1]
  .near_func.text  ro code  0x008a93   0xb0  long.o [4]
  .near_func.text  ro code  0x008b43   0x92  xxmemxmalloc.o [4]
  .near_func.text  ro code  0x008bd5   0x8f  main.o [1]
  .near_func.text  ro code  0x008c64   0x63  xxmemxmalloc.o [4]
  .near_func.text  ro code  0x008cc7   0x3d  xprintfsmall.o [4]
  .near_func.text  ro code  0x008d04   0x3b  long_util.o [4]
  .near_func.text  ro code  0x008d3f   0x37  xprintfsmall.o [4]
  .near_func.text  ro code  0x008d76   0x35  xprintfsmall.o [4]
  .near_func.text  ro code  0x008dab   0x2f  xprintfsmall.o [4]
  .near_func.text  ro code  0x008dda   0x27  putchar.o [4]
  .near_func.text  ro code  0x008e01   0x25  main.o [1]
  .near_func.text  ro code  0x008e26   0x22  main.o [1]
  .near_func.text  ro code  0x008e48   0x21  main.o [1]
  .near_func.text  ro code  0x008e69   0x21  memchr.o [4]
  .iar.init_table  const    0x008e8a    0x8  - Linker created -
  .near_func.text  ro code  0x008e92   0x1e  short.o [4]
  .near_func.text  ro code  0x008eb0   0x1e  init_small.o [4]
  .near_func.text  ro code  0x008ece   0x1d  printf.o [4]
  .near_func.text  ro code  0x008eeb   0x1b  main.o [1]
  .near_func.text  ro code  0x008f06   0x1b  xprout.o [4]
  .near_func.text  ro code  0x008f21   0x19  xgetmemchunk.o [4]
  .near_func.text  ro code  0x008f3a   0x16  __dbg_xxdwrite.o [3]
  .near_func.text  ro code  0x008f50   0x15  strchr.o [4]
  .near_func.text  ro code  0x008f65   0x14  init.o [4]
  .near_func.text  ro code  0x008f79   0x14  xprintfsmall.o [4]
  .near_func.text  ro code  0x008f8d   0x14  __dbg_xxexit.o [3]
  .near_func.text  ro code  0x008fa1   0x13  cstartup.o [4]
  .near.rodata     const    0x008fb4    0xe  main.o [1]
  .near_func.text  ro code  0x008fc2    0xd  strlen.o [4]
  .near.rodata     const    0x008fcf    0xb  main.o [1]
  .near_func.text  ro code  0x008fda    0xb  xprintfsmall.o [4]
  .near_func.text  ro code  0x008fe5    0xa  xprintfsmall.o [4]
  .near_func.text  ro code  0x008fef    0x9  xprintfsmall.o [4]
  .near_func.text  ro code  0x008ff8    0x9  __dbg_xxwrite.o [3]
  .near.rodata     const    0x009001    0x8  main.o [1]
  .near_func.text  ro code  0x009009    0x8  xprintfsmall.o [4]
  .near.rodata     const    0x009011    0x7  xprintfsmall.o [4]
  .near_func.text  ro code  0x009018    0x7  xxmemxmalloc.o [4]
  .near_func.text  ro code  0x00901f    0x6  xprintfsmall.o [4]
  .near_func.text  ro code  0x009025    0x6  xprintfsmall.o [4]
  .near_func.text  ro code  0x00902b    0x5  cexit.o [4]
  .near_func.text  ro code  0x009030    0x3  interrupt.o [4]
  .near_func.text  ro code  0x009033    0x3  low_level_init.o [4]
  .near_func.text  ro code  0x009036    0x3  exit.o [4]
  .near_func.text  ro code  0x009039    0x3  unhandled_exception.o [4]
  .near_func.text  ro code  0x00903c    0x1  __dbg_break.o [3]
                          - 0x00903d  0xfbd


*******************************************************************************
*** INIT TABLE
***

          Address   Size
          -------   ----
Zero (__iar_zero_init2)
    1 destination range, total size 0xc:
          0x00000c   0xc



*******************************************************************************
*** MODULE SUMMARY
***

    Module                 ro code  ro data  rw data
    ------                 -------  -------  -------
D:\project\Stm8l\Bai_09_SPI\bai_01 - Copy\Debug\Obj: [1]
    lcd.o                      838
    main.o                     274       33        6
    ------------------------------------------------
    Total:                   1 112       33        6

command line: [2]
    ------------------------------------------------
    Total:

dbgstm8smd.a: [3]
    __dbg_break.o                1
    __dbg_xxdwrite.o            22
    __dbg_xxexit.o              20
    __dbg_xxwrite.o              9
    ------------------------------------------------
    Total:                      52

dlstm8smn.a: [4]
    cexit.o                      5
    cstartup.o                  19
    exit.o                       3
    init.o                      20
    init_small.o                30
    interrupt.o                  3      128
    long.o                     176
    long_util.o                 59
    low_level_init.o             3
    memchr.o                    33
    printf.o                    29
    putchar.o                   39
    short.o                     30
    strchr.o                    21
    strlen.o                    13
    unhandled_exception.o        3
    vreg_util.o                223
    vregs.o                                       12
    xgetmemchunk.o              25                 2
    xprintfsmall.o           1 593        7
    xprout.o                    27
    xxmemxfree.o               211
    xxmemxmalloc.o             252                 4
    ------------------------------------------------
    Total:                   2 817      135       18

    Linker created                        8      512
----------------------------------------------------
    Grand Total:             3 981      176      536


*******************************************************************************
*** ENTRY LIST
***

Entry                    Address   Size  Type      Object
-----                    -------   ----  ----      ------
.iar.init_table$$Base   0x008e8a          --   Gb  - Linker created -
.iar.init_table$$Limit  0x008e92          --   Gb  - Linker created -
?and32_l0_l0_0x         0x008b13         Code  Gb  long.o [4]
?and32_l0_l0_l1         0x008b10         Code  Gb  long.o [4]
?b0                     0x000000         Data  Gb  vregs.o [4]
?b1                     0x000001         Data  Gb  vregs.o [4]
?b10                    0x00000a         Data  Gb  vregs.o [4]
?b11                    0x00000b         Data  Gb  vregs.o [4]
?b2                     0x000002         Data  Gb  vregs.o [4]
?b3                     0x000003         Data  Gb  vregs.o [4]
?b4                     0x000004         Data  Gb  vregs.o [4]
?b5                     0x000005         Data  Gb  vregs.o [4]
?b6                     0x000006         Data  Gb  vregs.o [4]
?b7                     0x000007         Data  Gb  vregs.o [4]
?b8                     0x000008         Data  Gb  vregs.o [4]
?b9                     0x000009         Data  Gb  vregs.o [4]
?e0                     0x000001         Data  Gb  vregs.o [4]
?e1                     0x000005         Data  Gb  vregs.o [4]
?e2                     0x000009         Data  Gb  vregs.o [4]
?epilogue_l2            0x0088ac         Code  Gb  vreg_util.o [4]
?epilogue_w4            0x0088b0         Code  Gb  vreg_util.o [4]
?l0                     0x000000         Data  Gb  vregs.o [4]
?l1                     0x000004         Data  Gb  vregs.o [4]
?l2                     0x000008         Data  Gb  vregs.o [4]
?load32_0x_l0           0x008d31         Code  Gb  long_util.o [4]
?load32_asp_l0          0x008d25         Code  Gb  long_util.o [4]
?load32_dbsp_l0         0x008d20         Code  Gb  long_util.o [4]
?load32_l0_0x           0x008d14         Code  Gb  long_util.o [4]
?load32_l0_asp          0x008d09         Code  Gb  long_util.o [4]
?load32_l0_dbsp         0x008d04         Code  Gb  long_util.o [4]
?load32_l0_xsp          0x008d0b         Code  Gb  long_util.o [4]
?load32_xsp_l0          0x008d27         Code  Gb  long_util.o [4]
?mov_e0_e2              0x0088e1         Code  Gb  vreg_util.o [4]
?mov_e1_e0              0x0088ee         Code  Gb  vreg_util.o [4]
?mov_e2_e0              0x0088fb         Code  Gb  vreg_util.o [4]
?mov_l0_l2              0x0088de         Code  Gb  vreg_util.o [4]
?mov_l1_l0              0x0088eb         Code  Gb  vreg_util.o [4]
?mov_l2_l0              0x0088f8         Code  Gb  vreg_util.o [4]
?mov_w0_w3              0x0088b4         Code  Gb  vreg_util.o [4]
?mov_w0_w5              0x0088bb         Code  Gb  vreg_util.o [4]
?mov_w1_w5              0x0088e4         Code  Gb  vreg_util.o [4]
?mov_w2_w1              0x0088c2         Code  Gb  vreg_util.o [4]
?mov_w3_w1              0x0088f1         Code  Gb  vreg_util.o [4]
?mov_w4_w0              0x0088c9         Code  Gb  vreg_util.o [4]
?mov_w4_w1              0x0088d0         Code  Gb  vreg_util.o [4]
?mov_w5_w0              0x0088d7         Code  Gb  vreg_util.o [4]
?mov_w5_w1              0x0088fe         Code  Gb  vreg_util.o [4]
?mul16_x_x_w0           0x008e92         Code  Gb  short.o [4]
?neg32_l0_l0            0x008a93         Code  Gb  long.o [4]
?pop_l0                 0x008883         Code  Gb  vreg_util.o [4]
?pop_l1                 0x00888e         Code  Gb  vreg_util.o [4]
?pop_l2                 0x008899         Code  Gb  vreg_util.o [4]
?pop_w4                 0x008848         Code  Gb  vreg_util.o [4]
?push_l0                0x008857         Code  Gb  vreg_util.o [4]
?push_l1                0x00885c         Code  Gb  vreg_util.o [4]
?push_l2                0x008861         Code  Gb  vreg_util.o [4]
?push_w0                0x008826         Code  Gb  vreg_util.o [4]
?push_w1                0x00882b         Code  Gb  vreg_util.o [4]
?push_w4                0x008830         Code  Gb  vreg_util.o [4]
?sext32_l0_a            0x008b36         Code  Gb  long.o [4]
?sext32_l0_x            0x008b2b         Code  Gb  long.o [4]
?udiv32_l0_l0_l1        0x008aa3         Code  Gb  long.o [4]
?umod32_l1_l0_l1        0x008aa3         Code  Gb  long.o [4]
?w0                     0x000000         Data  Gb  vregs.o [4]
?w1                     0x000002         Data  Gb  vregs.o [4]
?w2                     0x000004         Data  Gb  vregs.o [4]
?w3                     0x000006         Data  Gb  vregs.o [4]
?w4                     0x000008         Data  Gb  vregs.o [4]
?w5                     0x00000a         Data  Gb  vregs.o [4]
CSTACK$$Base            0x000700          --   Gb  - Linker created -
CSTACK$$Limit           0x000800          --   Gb  - Linker created -
GetHexCodeNum           0x00859b  0x171  Code  Gb  lcd.o [1]
HEAP$$Base              0x000018          --   Gb  - Linker created -
HEAP$$Limit             0x000118          --   Gb  - Linker created -
INTVEC$$Base            0x008000          --   Gb  - Linker created -
INTVEC$$Limit           0x008080          --   Gb  - Linker created -
LCD_Init                0x0089d8   0xbb  Code  Gb  lcd.o [1]
LCD_SEG6                0x00870c  0x11a  Code  Gb  lcd.o [1]
LoadInt                 0x008cc7   0x3d  Code  Lc  xprintfsmall.o [4]
ReData                  0x008e26   0x22  Code  Gb  main.o [1]
Region$$Table$$Base     0x008e8a          --   Gb  - Linker created -
Region$$Table$$Limit    0x008e92          --   Gb  - Linker created -
_LitobSmall             0x008425  0x176  Code  Lc  xprintfsmall.o [4]
_PrintfSmall            0x008080  0x3a5  Code  Gb  xprintfsmall.o [4]
_Prout                  0x008f06   0x1b  Code  Gb  xprout.o [4]
_PutcharSmall           0x008dab   0x2f  Code  Lc  xprintfsmall.o [4]
_PutcharsSmall          0x008d76   0x35  Code  Lc  xprintfsmall.o [4]
__DebugBreak            0x00903c    0x1  Code  Gb  __dbg_break.o [3]
__dwrite                0x008f3a   0x16  Code  Gb  __dbg_xxdwrite.o [3]
__exit                  0x008f8d   0x14  Code  Gb  __dbg_xxexit.o [3]
__iar_Memchr            0x008e69   0x21  Code  Gb  memchr.o [4]
__iar_Strchr            0x008f50   0x15  Code  Gb  strchr.o [4]
__iar_data_init2        0x008f65   0x14  Code  Gb  init.o [4]
__iar_program_start     0x008fa1         Code  Gb  cstartup.o [4]
__iar_unhandled_exception
                        0x009039         Code  Gb  unhandled_exception.o [4]
__iar_zero_init2        0x008eb0         Code  Gb  init_small.o [4]
__intvec                0x008000         Data  Gb  interrupt.o [4]
__low_level_init        0x009033    0x3  Code  Gb  low_level_init.o [4]
__near_Aldata           0x00000c    0x4  Data  Gb  xxmemxmalloc.o [4]
__near_GetMemChunk      0x008f21   0x19  Code  Gb  xgetmemchunk.o [4]
__near_GetMemChunk::start
                        0x000012    0x2  Data  Lc  xgetmemchunk.o [4]
__near_findmem          0x008c64   0x63  Code  Lc  xxmemxmalloc.o [4]
__write                 0x008ff8    0x9  Code  Gb  __dbg_xxwrite.o [3]
_exit                   0x00902b         Code  Gb  cexit.o [4]
_interrupt_28           0x008e26         Code  Gb  main.o [1]
config_Clock            0x008e48   0x21  Code  Gb  main.o [1]
config_GPIO             0x008e01   0x25  Code  Gb  main.o [1]
dangNhan                0x000017    0x1  Data  Gb  main.o [1]
exit                    0x009036    0x3  Code  Gb  exit.o [4]
free                    0x008905   0xc9  Code  Gb  xxmemxfree.o [4]
len                     0x000014    0x1  Data  Gb  main.o [1]
main                    0x008eeb   0x1b  Code  Gb  main.o [1]
malloc                  0x008b43   0x92  Code  Gb  xxmemxmalloc.o [4]
nhanDuLieu              0x008bd5   0x8f  Code  Gb  main.o [1]
pad                     0x008d3f   0x37  Code  Lc  xprintfsmall.o [4]
printf                  0x008ece   0x1d  Code  Gb  printf.o [4]
putchar                 0x008dda   0x27  Code  Gb  putchar.o [4]
rx                      0x000016    0x1  Data  Gb  main.o [1]
str                     0x000010    0x2  Data  Gb  main.o [1]
strlen                  0x008fc2    0xd  Code  Gb  strlen.o [4]
x                       0x000015    0x1  Data  Gb  main.o [1]


[1] = D:\project\Stm8l\Bai_09_SPI\bai_01 - Copy\Debug\Obj
[2] = command line
[3] = dbgstm8smd.a
[4] = dlstm8smn.a

  3 981 bytes of readonly  code memory
    176 bytes of readonly  data memory
    536 bytes of readwrite data memory

Errors: none
Warnings: none
